[http://localhost/]

RMA
#100100001

Customer Name
John Smith

Email address
customer@example.com

Store
Main Website Store

Staff (Owner)
firstname lastname

Status
Pending Approval

Created
Jul 2, 2015, 5:00 PM

Updated
Jul 4, 2015, 5:00 PM

my message

PRODUCT NAME
SKU
QTY
REASON
CONDITION
RESOLUTION

About Us [2]

Customer Service [3]

, ,