[http://localhost/]

my message

You can check the status or reply to this message online at:
http://localhost/rma/guest/view/id/87cb09bf721c860e591568ec93239497/
[http://localhost/rma/guest/view/id/87cb09bf721c860e591568ec93239497/]


Thank you,
MAIN WEBSITE STORE

About Us [3]

Customer Service [4]

, ,